// Jest Snapshot v1, https://goo.gl/fbAQLP

exports[`App component renders without crashing 1`] = `
<div>
  <Header />
  <Route
    component={[Function]}
    exact={true}
    path="/"
  />
  <Route
    component={[Function]}
    exact={true}
    path="/editor"
  />
</div>
`;
