// Jest Snapshot v1, https://goo.gl/fbAQLP

exports[`TextField, renders component 1`] = `
<styled.input
  autoComplete="off"
  onChange={[Function]}
  type="text"
  value="John"
/>
`;
